exports[`test renders 1`] = `<div />`;

exports[`test renders message 1`] = `
<div>
  Test message
</div>
`;
